// Jest Snapshot v1, https://goo.gl/fbAQLP

exports[`The BrazeComponents stack matches the snapshot 1`] = `
Object {
  "Metadata": Object {
    "gu:cdk:constructs": Array [
      "GuCname",
    ],
    "gu:cdk:version": "TEST",
  },
  "Resources": Object {
    "CDN": Object {
      "Properties": Object {
        "DistributionConfig": Object {
          "Aliases": Array [
            "braze-components.test.dev-gutools.co.uk",
          ],
          "DefaultCacheBehavior": Object {
            "AllowedMethods": Array [
              "GET",
              "HEAD",
            ],
            "CachedMethods": Array [
              "GET",
              "HEAD",
            ],
            "Compress": true,
            "ForwardedValues": Object {
              "Cookies": Object {
                "Forward": "none",
              },
              "QueryString": false,
            },
            "TargetOriginId": "origin1",
            "ViewerProtocolPolicy": "redirect-to-https",
          },
          "DefaultRootObject": "index.html",
          "Enabled": true,
          "HttpVersion": "http2",
          "IPV6Enabled": true,
          "Origins": Array [
            Object {
              "ConnectionAttempts": 3,
              "ConnectionTimeout": 10,
              "DomainName": Object {
                "Fn::Join": Array [
                  "",
                  Array [
                    "braze-components-storybook.s3.",
                    Object {
                      "Ref": "AWS::Region",
                    },
                    ".",
                    Object {
                      "Ref": "AWS::URLSuffix",
                    },
                  ],
                ],
              },
              "Id": "origin1",
              "OriginPath": "/TEST/braze-components-storybook-static",
              "S3OriginConfig": Object {
                "OriginAccessIdentity": "origin-access-identity/cloudfront/E3EA9DC41190PP",
              },
            },
          ],
          "PriceClass": "PriceClass_100",
          "ViewerCertificate": Object {
            "AcmCertificateArn": Object {
              "Fn::Join": Array [
                "",
                Array [
                  "arn:aws:acm:us-east-1:",
                  Object {
                    "Ref": "AWS::AccountId",
                  },
                  ":certificate/xxx-xxx-xxx",
                ],
              ],
            },
            "SslSupportMethod": "sni-only",
          },
        },
        "Tags": Array [
          Object {
            "Key": "gu:cdk:version",
            "Value": "TEST",
          },
          Object {
            "Key": "gu:repo",
            "Value": "guardian/braze-components",
          },
          Object {
            "Key": "Stack",
            "Value": "targeting",
          },
          Object {
            "Key": "Stage",
            "Value": "TEST",
          },
        ],
      },
      "Type": "AWS::CloudFront::Distribution",
    },
    "DNSentry": Object {
      "Properties": Object {
        "Name": "braze-components.test.dev-gutools.co.uk",
        "RecordType": "CNAME",
        "ResourceRecords": Array [
          Object {
            "Fn::GetAtt": Array [
              "CDN",
              "DomainName",
            ],
          },
        ],
        "Stage": "TEST",
        "TTL": 3600,
      },
      "Type": "Guardian::DNS::RecordSet",
    },
  },
}
`;
