// Jest Snapshot v1, https://goo.gl/fbAQLP

exports[`The BrazeComponents stack matches the snapshot 1`] = `
{
  "Metadata": {
    "gu:cdk:constructs": [
      "GuCname",
    ],
    "gu:cdk:version": "TEST",
  },
  "Parameters": {
    "StorybookAssetsBucketParameterParameter": {
      "Default": "/braze-components/storybook-assets-bucket",
      "Type": "AWS::SSM::Parameter::Value<String>",
    },
  },
  "Resources": {
    "CDN": {
      "Properties": {
        "DistributionConfig": {
          "Aliases": [
            "braze-components.test.dev-gutools.co.uk",
          ],
          "DefaultCacheBehavior": {
            "AllowedMethods": [
              "GET",
              "HEAD",
            ],
            "CachedMethods": [
              "GET",
              "HEAD",
            ],
            "Compress": true,
            "ForwardedValues": {
              "Cookies": {
                "Forward": "none",
              },
              "QueryString": false,
            },
            "TargetOriginId": "origin1",
            "ViewerProtocolPolicy": "redirect-to-https",
          },
          "DefaultRootObject": "index.html",
          "Enabled": true,
          "HttpVersion": "http2",
          "IPV6Enabled": true,
          "Origins": [
            {
              "ConnectionAttempts": 3,
              "ConnectionTimeout": 10,
              "DomainName": {
                "Fn::Join": [
                  "",
                  [
                    {
                      "Ref": "StorybookAssetsBucketParameterParameter",
                    },
                    ".s3.",
                    {
                      "Ref": "AWS::Region",
                    },
                    ".",
                    {
                      "Ref": "AWS::URLSuffix",
                    },
                  ],
                ],
              },
              "Id": "origin1",
              "OriginPath": "/TEST/braze-components-storybook-static",
              "S3OriginConfig": {
                "OriginAccessIdentity": "origin-access-identity/cloudfront/E3EA9DC41190PP",
              },
            },
          ],
          "PriceClass": "PriceClass_100",
          "ViewerCertificate": {
            "AcmCertificateArn": {
              "Fn::Join": [
                "",
                [
                  "arn:aws:acm:us-east-1:",
                  {
                    "Ref": "AWS::AccountId",
                  },
                  ":certificate/xxx-xxx-xxx",
                ],
              ],
            },
            "MinimumProtocolVersion": "TLSv1.2_2018",
            "SslSupportMethod": "sni-only",
          },
        },
        "Tags": [
          {
            "Key": "gu:cdk:version",
            "Value": "TEST",
          },
          {
            "Key": "gu:repo",
            "Value": "guardian/braze-components",
          },
          {
            "Key": "Stack",
            "Value": "targeting",
          },
          {
            "Key": "Stage",
            "Value": "TEST",
          },
        ],
      },
      "Type": "AWS::CloudFront::Distribution",
    },
    "DNSentry": {
      "Properties": {
        "Name": "braze-components.test.dev-gutools.co.uk",
        "RecordType": "CNAME",
        "ResourceRecords": [
          {
            "Fn::GetAtt": [
              "CDN",
              "DomainName",
            ],
          },
        ],
        "Stage": "TEST",
        "TTL": 3600,
      },
      "Type": "Guardian::DNS::RecordSet",
    },
  },
}
`;
